// Jest Snapshot v1, https://goo.gl/fbAQLP

exports[`TabPanel when it has complete data should be same as snapshot 1`] = `
initialize {
  "0": Object {
    "attribs": Object {
      "aria-labelledby": "1",
      "class": "TestTabPanel selected",
      "role": "tabpanel",
    },
    "children": Array [
      Object {
        "data": "Test",
        "next": null,
        "parent": [Circular],
        "prev": null,
        "type": "text",
      },
    ],
    "name": "div",
    "namespace": "http://www.w3.org/1999/xhtml",
    "next": null,
    "parent": null,
    "prev": null,
    "root": Object {
      "attribs": Object {},
      "children": Array [
        [Circular],
      ],
      "name": "root",
      "namespace": "http://www.w3.org/1999/xhtml",
      "next": null,
      "parent": null,
      "prev": null,
      "type": "root",
      "x-attribsNamespace": Object {},
      "x-attribsPrefix": Object {},
    },
    "type": "tag",
    "x-attribsNamespace": Object {
      "aria-labelledby": undefined,
      "class": undefined,
      "role": undefined,
    },
    "x-attribsPrefix": Object {
      "aria-labelledby": undefined,
      "class": undefined,
      "role": undefined,
    },
  },
  "_root": [Circular],
  "length": 1,
  "options": Object {
    "decodeEntities": true,
    "normalizeWhitespace": false,
    "withDomLvl1": true,
    "xml": false,
  },
}
`;
