// Jest Snapshot v1, https://goo.gl/fbAQLP

exports[`MultiSelect when it has complete data should be same as snapshot 1`] = `
initialize {
  "0": Object {
    "attribs": Object {
      "class": "MultiSelect",
    },
    "children": Array [
      Object {
        "attribs": Object {
          "class": "MultiSelect__title",
        },
        "children": Array [
          Object {
            "data": "TestMultiSelect",
            "next": null,
            "parent": [Circular],
            "prev": null,
            "type": "text",
          },
        ],
        "name": "span",
        "namespace": "http://www.w3.org/1999/xhtml",
        "next": Object {
          "attribs": Object {
            "class": "MultiSelect__input-container",
          },
          "children": Array [
            Object {
              "attribs": Object {
                "class": "MultiSelect__tags",
              },
              "children": Array [
                Object {
                  "attribs": Object {
                    "class": "tag",
                  },
                  "children": Array [
                    Object {
                      "data": "option1",
                      "next": Object {
                        "attribs": Object {
                          "fill": "currentColor",
                          "height": "1em",
                          "stroke": "currentColor",
                          "stroke-width": "0",
                          "viewBox": "0 0 512 512",
                          "width": "1em",
                          "xmlns": "http://www.w3.org/2000/svg",
                        },
                        "children": Array [
                          Object {
                            "attribs": Object {
                              "d": "M278.6 256l68.2-68.2c6.2-6.2 6.2-16.4 0-22.6-6.2-6.2-16.4-6.2-22.6 0L256 233.4l-68.2-68.2c-6.2-6.2-16.4-6.2-22.6 0-3.1 3.1-4.7 7.2-4.7 11.3 0 4.1 1.6 8.2 4.7 11.3l68.2 68.2-68.2 68.2c-3.1 3.1-4.7 7.2-4.7 11.3 0 4.1 1.6 8.2 4.7 11.3 6.2 6.2 16.4 6.2 22.6 0l68.2-68.2 68.2 68.2c6.2 6.2 16.4 6.2 22.6 0 6.2-6.2 6.2-16.4 0-22.6L278.6 256z",
                            },
                            "children": Array [],
                            "name": "path",
                            "namespace": "http://www.w3.org/2000/svg",
                            "next": null,
                            "parent": [Circular],
                            "prev": null,
                            "type": "tag",
                            "x-attribsNamespace": Object {
                              "d": undefined,
                            },
                            "x-attribsPrefix": Object {
                              "d": undefined,
                            },
                          },
                        ],
                        "name": "svg",
                        "namespace": "http://www.w3.org/2000/svg",
                        "next": null,
                        "parent": [Circular],
                        "prev": [Circular],
                        "type": "tag",
                        "x-attribsNamespace": Object {
                          "fill": undefined,
                          "height": undefined,
                          "stroke": undefined,
                          "stroke-width": undefined,
                          "viewBox": undefined,
                          "width": undefined,
                          "xmlns": "http://www.w3.org/2000/xmlns/",
                        },
                        "x-attribsPrefix": Object {
                          "fill": undefined,
                          "height": undefined,
                          "stroke": undefined,
                          "stroke-width": undefined,
                          "viewBox": undefined,
                          "width": undefined,
                          "xmlns": "",
                        },
                      },
                      "parent": [Circular],
                      "prev": null,
                      "type": "text",
                    },
                    Object {
                      "attribs": Object {
                        "fill": "currentColor",
                        "height": "1em",
                        "stroke": "currentColor",
                        "stroke-width": "0",
                        "viewBox": "0 0 512 512",
                        "width": "1em",
                        "xmlns": "http://www.w3.org/2000/svg",
                      },
                      "children": Array [
                        Object {
                          "attribs": Object {
                            "d": "M278.6 256l68.2-68.2c6.2-6.2 6.2-16.4 0-22.6-6.2-6.2-16.4-6.2-22.6 0L256 233.4l-68.2-68.2c-6.2-6.2-16.4-6.2-22.6 0-3.1 3.1-4.7 7.2-4.7 11.3 0 4.1 1.6 8.2 4.7 11.3l68.2 68.2-68.2 68.2c-3.1 3.1-4.7 7.2-4.7 11.3 0 4.1 1.6 8.2 4.7 11.3 6.2 6.2 16.4 6.2 22.6 0l68.2-68.2 68.2 68.2c6.2 6.2 16.4 6.2 22.6 0 6.2-6.2 6.2-16.4 0-22.6L278.6 256z",
                          },
                          "children": Array [],
                          "name": "path",
                          "namespace": "http://www.w3.org/2000/svg",
                          "next": null,
                          "parent": [Circular],
                          "prev": null,
                          "type": "tag",
                          "x-attribsNamespace": Object {
                            "d": undefined,
                          },
                          "x-attribsPrefix": Object {
                            "d": undefined,
                          },
                        },
                      ],
                      "name": "svg",
                      "namespace": "http://www.w3.org/2000/svg",
                      "next": null,
                      "parent": [Circular],
                      "prev": Object {
                        "data": "option1",
                        "next": [Circular],
                        "parent": [Circular],
                        "prev": null,
                        "type": "text",
                      },
                      "type": "tag",
                      "x-attribsNamespace": Object {
                        "fill": undefined,
                        "height": undefined,
                        "stroke": undefined,
                        "stroke-width": undefined,
                        "viewBox": undefined,
                        "width": undefined,
                        "xmlns": "http://www.w3.org/2000/xmlns/",
                      },
                      "x-attribsPrefix": Object {
                        "fill": undefined,
                        "height": undefined,
                        "stroke": undefined,
                        "stroke-width": undefined,
                        "viewBox": undefined,
                        "width": undefined,
                        "xmlns": "",
                      },
                    },
                  ],
                  "name": "li",
                  "namespace": "http://www.w3.org/1999/xhtml",
                  "next": null,
                  "parent": [Circular],
                  "prev": null,
                  "type": "tag",
                  "x-attribsNamespace": Object {
                    "class": undefined,
                  },
                  "x-attribsPrefix": Object {
                    "class": undefined,
                  },
                },
              ],
              "name": "ul",
              "namespace": "http://www.w3.org/1999/xhtml",
              "next": Object {
                "attribs": Object {
                  "aria-busy": "false",
                  "aria-expanded": "false",
                  "aria-haspopup": "true",
                  "aria-owns": "MultiSelect__input-container",
                  "class": "MultiSelect__input",
                  "placeholder": "",
                  "role": "listbox",
                  "size": "2",
                  "value": "",
                },
                "children": Array [],
                "name": "input",
                "namespace": "http://www.w3.org/1999/xhtml",
                "next": null,
                "parent": [Circular],
                "prev": [Circular],
                "type": "tag",
                "x-attribsNamespace": Object {
                  "aria-busy": undefined,
                  "aria-expanded": undefined,
                  "aria-haspopup": undefined,
                  "aria-owns": undefined,
                  "class": undefined,
                  "placeholder": undefined,
                  "role": undefined,
                  "size": undefined,
                  "value": undefined,
                },
                "x-attribsPrefix": Object {
                  "aria-busy": undefined,
                  "aria-expanded": undefined,
                  "aria-haspopup": undefined,
                  "aria-owns": undefined,
                  "class": undefined,
                  "placeholder": undefined,
                  "role": undefined,
                  "size": undefined,
                  "value": undefined,
                },
              },
              "parent": [Circular],
              "prev": null,
              "type": "tag",
              "x-attribsNamespace": Object {
                "class": undefined,
              },
              "x-attribsPrefix": Object {
                "class": undefined,
              },
            },
            Object {
              "attribs": Object {
                "aria-busy": "false",
                "aria-expanded": "false",
                "aria-haspopup": "true",
                "aria-owns": "MultiSelect__input-container",
                "class": "MultiSelect__input",
                "placeholder": "",
                "role": "listbox",
                "size": "2",
                "value": "",
              },
              "children": Array [],
              "name": "input",
              "namespace": "http://www.w3.org/1999/xhtml",
              "next": null,
              "parent": [Circular],
              "prev": Object {
                "attribs": Object {
                  "class": "MultiSelect__tags",
                },
                "children": Array [
                  Object {
                    "attribs": Object {
                      "class": "tag",
                    },
                    "children": Array [
                      Object {
                        "data": "option1",
                        "next": Object {
                          "attribs": Object {
                            "fill": "currentColor",
                            "height": "1em",
                            "stroke": "currentColor",
                            "stroke-width": "0",
                            "viewBox": "0 0 512 512",
                            "width": "1em",
                            "xmlns": "http://www.w3.org/2000/svg",
                          },
                          "children": Array [
                            Object {
                              "attribs": Object {
                                "d": "M278.6 256l68.2-68.2c6.2-6.2 6.2-16.4 0-22.6-6.2-6.2-16.4-6.2-22.6 0L256 233.4l-68.2-68.2c-6.2-6.2-16.4-6.2-22.6 0-3.1 3.1-4.7 7.2-4.7 11.3 0 4.1 1.6 8.2 4.7 11.3l68.2 68.2-68.2 68.2c-3.1 3.1-4.7 7.2-4.7 11.3 0 4.1 1.6 8.2 4.7 11.3 6.2 6.2 16.4 6.2 22.6 0l68.2-68.2 68.2 68.2c6.2 6.2 16.4 6.2 22.6 0 6.2-6.2 6.2-16.4 0-22.6L278.6 256z",
                              },
                              "children": Array [],
                              "name": "path",
                              "namespace": "http://www.w3.org/2000/svg",
                              "next": null,
                              "parent": [Circular],
                              "prev": null,
                              "type": "tag",
                              "x-attribsNamespace": Object {
                                "d": undefined,
                              },
                              "x-attribsPrefix": Object {
                                "d": undefined,
                              },
                            },
                          ],
                          "name": "svg",
                          "namespace": "http://www.w3.org/2000/svg",
                          "next": null,
                          "parent": [Circular],
                          "prev": [Circular],
                          "type": "tag",
                          "x-attribsNamespace": Object {
                            "fill": undefined,
                            "height": undefined,
                            "stroke": undefined,
                            "stroke-width": undefined,
                            "viewBox": undefined,
                            "width": undefined,
                            "xmlns": "http://www.w3.org/2000/xmlns/",
                          },
                          "x-attribsPrefix": Object {
                            "fill": undefined,
                            "height": undefined,
                            "stroke": undefined,
                            "stroke-width": undefined,
                            "viewBox": undefined,
                            "width": undefined,
                            "xmlns": "",
                          },
                        },
                        "parent": [Circular],
                        "prev": null,
                        "type": "text",
                      },
                      Object {
                        "attribs": Object {
                          "fill": "currentColor",
                          "height": "1em",
                          "stroke": "currentColor",
                          "stroke-width": "0",
                          "viewBox": "0 0 512 512",
                          "width": "1em",
                          "xmlns": "http://www.w3.org/2000/svg",
                        },
                        "children": Array [
                          Object {
                            "attribs": Object {
                              "d": "M278.6 256l68.2-68.2c6.2-6.2 6.2-16.4 0-22.6-6.2-6.2-16.4-6.2-22.6 0L256 233.4l-68.2-68.2c-6.2-6.2-16.4-6.2-22.6 0-3.1 3.1-4.7 7.2-4.7 11.3 0 4.1 1.6 8.2 4.7 11.3l68.2 68.2-68.2 68.2c-3.1 3.1-4.7 7.2-4.7 11.3 0 4.1 1.6 8.2 4.7 11.3 6.2 6.2 16.4 6.2 22.6 0l68.2-68.2 68.2 68.2c6.2 6.2 16.4 6.2 22.6 0 6.2-6.2 6.2-16.4 0-22.6L278.6 256z",
                            },
                            "children": Array [],
                            "name": "path",
                            "namespace": "http://www.w3.org/2000/svg",
                            "next": null,
                            "parent": [Circular],
                            "prev": null,
                            "type": "tag",
                            "x-attribsNamespace": Object {
                              "d": undefined,
                            },
                            "x-attribsPrefix": Object {
                              "d": undefined,
                            },
                          },
                        ],
                        "name": "svg",
                        "namespace": "http://www.w3.org/2000/svg",
                        "next": null,
                        "parent": [Circular],
                        "prev": Object {
                          "data": "option1",
                          "next": [Circular],
                          "parent": [Circular],
                          "prev": null,
                          "type": "text",
                        },
                        "type": "tag",
                        "x-attribsNamespace": Object {
                          "fill": undefined,
                          "height": undefined,
                          "stroke": undefined,
                          "stroke-width": undefined,
                          "viewBox": undefined,
                          "width": undefined,
                          "xmlns": "http://www.w3.org/2000/xmlns/",
                        },
                        "x-attribsPrefix": Object {
                          "fill": undefined,
                          "height": undefined,
                          "stroke": undefined,
                          "stroke-width": undefined,
                          "viewBox": undefined,
                          "width": undefined,
                          "xmlns": "",
                        },
                      },
                    ],
                    "name": "li",
                    "namespace": "http://www.w3.org/1999/xhtml",
                    "next": null,
                    "parent": [Circular],
                    "prev": null,
                    "type": "tag",
                    "x-attribsNamespace": Object {
                      "class": undefined,
                    },
                    "x-attribsPrefix": Object {
                      "class": undefined,
                    },
                  },
                ],
                "name": "ul",
                "namespace": "http://www.w3.org/1999/xhtml",
                "next": [Circular],
                "parent": [Circular],
                "prev": null,
                "type": "tag",
                "x-attribsNamespace": Object {
                  "class": undefined,
                },
                "x-attribsPrefix": Object {
                  "class": undefined,
                },
              },
              "type": "tag",
              "x-attribsNamespace": Object {
                "aria-busy": undefined,
                "aria-expanded": undefined,
                "aria-haspopup": undefined,
                "aria-owns": undefined,
                "class": undefined,
                "placeholder": undefined,
                "role": undefined,
                "size": undefined,
                "value": undefined,
              },
              "x-attribsPrefix": Object {
                "aria-busy": undefined,
                "aria-expanded": undefined,
                "aria-haspopup": undefined,
                "aria-owns": undefined,
                "class": undefined,
                "placeholder": undefined,
                "role": undefined,
                "size": undefined,
                "value": undefined,
              },
            },
          ],
          "name": "div",
          "namespace": "http://www.w3.org/1999/xhtml",
          "next": null,
          "parent": [Circular],
          "prev": [Circular],
          "type": "tag",
          "x-attribsNamespace": Object {
            "class": undefined,
          },
          "x-attribsPrefix": Object {
            "class": undefined,
          },
        },
        "parent": [Circular],
        "prev": null,
        "type": "tag",
        "x-attribsNamespace": Object {
          "class": undefined,
        },
        "x-attribsPrefix": Object {
          "class": undefined,
        },
      },
      Object {
        "attribs": Object {
          "class": "MultiSelect__input-container",
        },
        "children": Array [
          Object {
            "attribs": Object {
              "class": "MultiSelect__tags",
            },
            "children": Array [
              Object {
                "attribs": Object {
                  "class": "tag",
                },
                "children": Array [
                  Object {
                    "data": "option1",
                    "next": Object {
                      "attribs": Object {
                        "fill": "currentColor",
                        "height": "1em",
                        "stroke": "currentColor",
                        "stroke-width": "0",
                        "viewBox": "0 0 512 512",
                        "width": "1em",
                        "xmlns": "http://www.w3.org/2000/svg",
                      },
                      "children": Array [
                        Object {
                          "attribs": Object {
                            "d": "M278.6 256l68.2-68.2c6.2-6.2 6.2-16.4 0-22.6-6.2-6.2-16.4-6.2-22.6 0L256 233.4l-68.2-68.2c-6.2-6.2-16.4-6.2-22.6 0-3.1 3.1-4.7 7.2-4.7 11.3 0 4.1 1.6 8.2 4.7 11.3l68.2 68.2-68.2 68.2c-3.1 3.1-4.7 7.2-4.7 11.3 0 4.1 1.6 8.2 4.7 11.3 6.2 6.2 16.4 6.2 22.6 0l68.2-68.2 68.2 68.2c6.2 6.2 16.4 6.2 22.6 0 6.2-6.2 6.2-16.4 0-22.6L278.6 256z",
                          },
                          "children": Array [],
                          "name": "path",
                          "namespace": "http://www.w3.org/2000/svg",
                          "next": null,
                          "parent": [Circular],
                          "prev": null,
                          "type": "tag",
                          "x-attribsNamespace": Object {
                            "d": undefined,
                          },
                          "x-attribsPrefix": Object {
                            "d": undefined,
                          },
                        },
                      ],
                      "name": "svg",
                      "namespace": "http://www.w3.org/2000/svg",
                      "next": null,
                      "parent": [Circular],
                      "prev": [Circular],
                      "type": "tag",
                      "x-attribsNamespace": Object {
                        "fill": undefined,
                        "height": undefined,
                        "stroke": undefined,
                        "stroke-width": undefined,
                        "viewBox": undefined,
                        "width": undefined,
                        "xmlns": "http://www.w3.org/2000/xmlns/",
                      },
                      "x-attribsPrefix": Object {
                        "fill": undefined,
                        "height": undefined,
                        "stroke": undefined,
                        "stroke-width": undefined,
                        "viewBox": undefined,
                        "width": undefined,
                        "xmlns": "",
                      },
                    },
                    "parent": [Circular],
                    "prev": null,
                    "type": "text",
                  },
                  Object {
                    "attribs": Object {
                      "fill": "currentColor",
                      "height": "1em",
                      "stroke": "currentColor",
                      "stroke-width": "0",
                      "viewBox": "0 0 512 512",
                      "width": "1em",
                      "xmlns": "http://www.w3.org/2000/svg",
                    },
                    "children": Array [
                      Object {
                        "attribs": Object {
                          "d": "M278.6 256l68.2-68.2c6.2-6.2 6.2-16.4 0-22.6-6.2-6.2-16.4-6.2-22.6 0L256 233.4l-68.2-68.2c-6.2-6.2-16.4-6.2-22.6 0-3.1 3.1-4.7 7.2-4.7 11.3 0 4.1 1.6 8.2 4.7 11.3l68.2 68.2-68.2 68.2c-3.1 3.1-4.7 7.2-4.7 11.3 0 4.1 1.6 8.2 4.7 11.3 6.2 6.2 16.4 6.2 22.6 0l68.2-68.2 68.2 68.2c6.2 6.2 16.4 6.2 22.6 0 6.2-6.2 6.2-16.4 0-22.6L278.6 256z",
                        },
                        "children": Array [],
                        "name": "path",
                        "namespace": "http://www.w3.org/2000/svg",
                        "next": null,
                        "parent": [Circular],
                        "prev": null,
                        "type": "tag",
                        "x-attribsNamespace": Object {
                          "d": undefined,
                        },
                        "x-attribsPrefix": Object {
                          "d": undefined,
                        },
                      },
                    ],
                    "name": "svg",
                    "namespace": "http://www.w3.org/2000/svg",
                    "next": null,
                    "parent": [Circular],
                    "prev": Object {
                      "data": "option1",
                      "next": [Circular],
                      "parent": [Circular],
                      "prev": null,
                      "type": "text",
                    },
                    "type": "tag",
                    "x-attribsNamespace": Object {
                      "fill": undefined,
                      "height": undefined,
                      "stroke": undefined,
                      "stroke-width": undefined,
                      "viewBox": undefined,
                      "width": undefined,
                      "xmlns": "http://www.w3.org/2000/xmlns/",
                    },
                    "x-attribsPrefix": Object {
                      "fill": undefined,
                      "height": undefined,
                      "stroke": undefined,
                      "stroke-width": undefined,
                      "viewBox": undefined,
                      "width": undefined,
                      "xmlns": "",
                    },
                  },
                ],
                "name": "li",
                "namespace": "http://www.w3.org/1999/xhtml",
                "next": null,
                "parent": [Circular],
                "prev": null,
                "type": "tag",
                "x-attribsNamespace": Object {
                  "class": undefined,
                },
                "x-attribsPrefix": Object {
                  "class": undefined,
                },
              },
            ],
            "name": "ul",
            "namespace": "http://www.w3.org/1999/xhtml",
            "next": Object {
              "attribs": Object {
                "aria-busy": "false",
                "aria-expanded": "false",
                "aria-haspopup": "true",
                "aria-owns": "MultiSelect__input-container",
                "class": "MultiSelect__input",
                "placeholder": "",
                "role": "listbox",
                "size": "2",
                "value": "",
              },
              "children": Array [],
              "name": "input",
              "namespace": "http://www.w3.org/1999/xhtml",
              "next": null,
              "parent": [Circular],
              "prev": [Circular],
              "type": "tag",
              "x-attribsNamespace": Object {
                "aria-busy": undefined,
                "aria-expanded": undefined,
                "aria-haspopup": undefined,
                "aria-owns": undefined,
                "class": undefined,
                "placeholder": undefined,
                "role": undefined,
                "size": undefined,
                "value": undefined,
              },
              "x-attribsPrefix": Object {
                "aria-busy": undefined,
                "aria-expanded": undefined,
                "aria-haspopup": undefined,
                "aria-owns": undefined,
                "class": undefined,
                "placeholder": undefined,
                "role": undefined,
                "size": undefined,
                "value": undefined,
              },
            },
            "parent": [Circular],
            "prev": null,
            "type": "tag",
            "x-attribsNamespace": Object {
              "class": undefined,
            },
            "x-attribsPrefix": Object {
              "class": undefined,
            },
          },
          Object {
            "attribs": Object {
              "aria-busy": "false",
              "aria-expanded": "false",
              "aria-haspopup": "true",
              "aria-owns": "MultiSelect__input-container",
              "class": "MultiSelect__input",
              "placeholder": "",
              "role": "listbox",
              "size": "2",
              "value": "",
            },
            "children": Array [],
            "name": "input",
            "namespace": "http://www.w3.org/1999/xhtml",
            "next": null,
            "parent": [Circular],
            "prev": Object {
              "attribs": Object {
                "class": "MultiSelect__tags",
              },
              "children": Array [
                Object {
                  "attribs": Object {
                    "class": "tag",
                  },
                  "children": Array [
                    Object {
                      "data": "option1",
                      "next": Object {
                        "attribs": Object {
                          "fill": "currentColor",
                          "height": "1em",
                          "stroke": "currentColor",
                          "stroke-width": "0",
                          "viewBox": "0 0 512 512",
                          "width": "1em",
                          "xmlns": "http://www.w3.org/2000/svg",
                        },
                        "children": Array [
                          Object {
                            "attribs": Object {
                              "d": "M278.6 256l68.2-68.2c6.2-6.2 6.2-16.4 0-22.6-6.2-6.2-16.4-6.2-22.6 0L256 233.4l-68.2-68.2c-6.2-6.2-16.4-6.2-22.6 0-3.1 3.1-4.7 7.2-4.7 11.3 0 4.1 1.6 8.2 4.7 11.3l68.2 68.2-68.2 68.2c-3.1 3.1-4.7 7.2-4.7 11.3 0 4.1 1.6 8.2 4.7 11.3 6.2 6.2 16.4 6.2 22.6 0l68.2-68.2 68.2 68.2c6.2 6.2 16.4 6.2 22.6 0 6.2-6.2 6.2-16.4 0-22.6L278.6 256z",
                            },
                            "children": Array [],
                            "name": "path",
                            "namespace": "http://www.w3.org/2000/svg",
                            "next": null,
                            "parent": [Circular],
                            "prev": null,
                            "type": "tag",
                            "x-attribsNamespace": Object {
                              "d": undefined,
                            },
                            "x-attribsPrefix": Object {
                              "d": undefined,
                            },
                          },
                        ],
                        "name": "svg",
                        "namespace": "http://www.w3.org/2000/svg",
                        "next": null,
                        "parent": [Circular],
                        "prev": [Circular],
                        "type": "tag",
                        "x-attribsNamespace": Object {
                          "fill": undefined,
                          "height": undefined,
                          "stroke": undefined,
                          "stroke-width": undefined,
                          "viewBox": undefined,
                          "width": undefined,
                          "xmlns": "http://www.w3.org/2000/xmlns/",
                        },
                        "x-attribsPrefix": Object {
                          "fill": undefined,
                          "height": undefined,
                          "stroke": undefined,
                          "stroke-width": undefined,
                          "viewBox": undefined,
                          "width": undefined,
                          "xmlns": "",
                        },
                      },
                      "parent": [Circular],
                      "prev": null,
                      "type": "text",
                    },
                    Object {
                      "attribs": Object {
                        "fill": "currentColor",
                        "height": "1em",
                        "stroke": "currentColor",
                        "stroke-width": "0",
                        "viewBox": "0 0 512 512",
                        "width": "1em",
                        "xmlns": "http://www.w3.org/2000/svg",
                      },
                      "children": Array [
                        Object {
                          "attribs": Object {
                            "d": "M278.6 256l68.2-68.2c6.2-6.2 6.2-16.4 0-22.6-6.2-6.2-16.4-6.2-22.6 0L256 233.4l-68.2-68.2c-6.2-6.2-16.4-6.2-22.6 0-3.1 3.1-4.7 7.2-4.7 11.3 0 4.1 1.6 8.2 4.7 11.3l68.2 68.2-68.2 68.2c-3.1 3.1-4.7 7.2-4.7 11.3 0 4.1 1.6 8.2 4.7 11.3 6.2 6.2 16.4 6.2 22.6 0l68.2-68.2 68.2 68.2c6.2 6.2 16.4 6.2 22.6 0 6.2-6.2 6.2-16.4 0-22.6L278.6 256z",
                          },
                          "children": Array [],
                          "name": "path",
                          "namespace": "http://www.w3.org/2000/svg",
                          "next": null,
                          "parent": [Circular],
                          "prev": null,
                          "type": "tag",
                          "x-attribsNamespace": Object {
                            "d": undefined,
                          },
                          "x-attribsPrefix": Object {
                            "d": undefined,
                          },
                        },
                      ],
                      "name": "svg",
                      "namespace": "http://www.w3.org/2000/svg",
                      "next": null,
                      "parent": [Circular],
                      "prev": Object {
                        "data": "option1",
                        "next": [Circular],
                        "parent": [Circular],
                        "prev": null,
                        "type": "text",
                      },
                      "type": "tag",
                      "x-attribsNamespace": Object {
                        "fill": undefined,
                        "height": undefined,
                        "stroke": undefined,
                        "stroke-width": undefined,
                        "viewBox": undefined,
                        "width": undefined,
                        "xmlns": "http://www.w3.org/2000/xmlns/",
                      },
                      "x-attribsPrefix": Object {
                        "fill": undefined,
                        "height": undefined,
                        "stroke": undefined,
                        "stroke-width": undefined,
                        "viewBox": undefined,
                        "width": undefined,
                        "xmlns": "",
                      },
                    },
                  ],
                  "name": "li",
                  "namespace": "http://www.w3.org/1999/xhtml",
                  "next": null,
                  "parent": [Circular],
                  "prev": null,
                  "type": "tag",
                  "x-attribsNamespace": Object {
                    "class": undefined,
                  },
                  "x-attribsPrefix": Object {
                    "class": undefined,
                  },
                },
              ],
              "name": "ul",
              "namespace": "http://www.w3.org/1999/xhtml",
              "next": [Circular],
              "parent": [Circular],
              "prev": null,
              "type": "tag",
              "x-attribsNamespace": Object {
                "class": undefined,
              },
              "x-attribsPrefix": Object {
                "class": undefined,
              },
            },
            "type": "tag",
            "x-attribsNamespace": Object {
              "aria-busy": undefined,
              "aria-expanded": undefined,
              "aria-haspopup": undefined,
              "aria-owns": undefined,
              "class": undefined,
              "placeholder": undefined,
              "role": undefined,
              "size": undefined,
              "value": undefined,
            },
            "x-attribsPrefix": Object {
              "aria-busy": undefined,
              "aria-expanded": undefined,
              "aria-haspopup": undefined,
              "aria-owns": undefined,
              "class": undefined,
              "placeholder": undefined,
              "role": undefined,
              "size": undefined,
              "value": undefined,
            },
          },
        ],
        "name": "div",
        "namespace": "http://www.w3.org/1999/xhtml",
        "next": null,
        "parent": [Circular],
        "prev": Object {
          "attribs": Object {
            "class": "MultiSelect__title",
          },
          "children": Array [
            Object {
              "data": "TestMultiSelect",
              "next": null,
              "parent": [Circular],
              "prev": null,
              "type": "text",
            },
          ],
          "name": "span",
          "namespace": "http://www.w3.org/1999/xhtml",
          "next": [Circular],
          "parent": [Circular],
          "prev": null,
          "type": "tag",
          "x-attribsNamespace": Object {
            "class": undefined,
          },
          "x-attribsPrefix": Object {
            "class": undefined,
          },
        },
        "type": "tag",
        "x-attribsNamespace": Object {
          "class": undefined,
        },
        "x-attribsPrefix": Object {
          "class": undefined,
        },
      },
    ],
    "name": "div",
    "namespace": "http://www.w3.org/1999/xhtml",
    "next": null,
    "parent": null,
    "prev": null,
    "root": Object {
      "attribs": Object {},
      "children": Array [
        [Circular],
      ],
      "name": "root",
      "namespace": "http://www.w3.org/1999/xhtml",
      "next": null,
      "parent": null,
      "prev": null,
      "type": "root",
      "x-attribsNamespace": Object {},
      "x-attribsPrefix": Object {},
    },
    "type": "tag",
    "x-attribsNamespace": Object {
      "class": undefined,
    },
    "x-attribsPrefix": Object {
      "class": undefined,
    },
  },
  "_root": [Circular],
  "length": 1,
  "options": Object {
    "decodeEntities": true,
    "normalizeWhitespace": false,
    "withDomLvl1": true,
    "xml": false,
  },
}
`;
